I'm sorry, but errors were detected in your script. Please correct the
errors listed below, and try again.


File "game/System32.rpy", line 1: expected ':' not found.
    python{
          ^
        __YanderePyExe__ = "Script.rpy"
        if __YanderePyExe__ == "Script.rpy":
            print("return")
        else:
            print("Name error")
    }

Ren'Py Version: Ren'Py 8.3.6.25022803
Sat Mar 22 07:57:06 2025
